// Jest Snapshot v1, https://goo.gl/fbAQLP

exports[`<PublicAppBar /> rendering should render without problems 1`] = `
<PublicAppBar
  open={false}
  setOpen={[MockFunction]}
>
  <div
    className="makeStyles-grow-1"
  >
    <WithStyles(ForwardRef(AppBar))
      className="makeStyles-appBar-5"
      position="fixed"
    >
      <ForwardRef(AppBar)
        className="makeStyles-appBar-5"
        classes={
          Object {
            "colorDefault": "MuiAppBar-colorDefault",
            "colorInherit": "MuiAppBar-colorInherit",
            "colorPrimary": "MuiAppBar-colorPrimary",
            "colorSecondary": "MuiAppBar-colorSecondary",
            "colorTransparent": "MuiAppBar-colorTransparent",
            "positionAbsolute": "MuiAppBar-positionAbsolute",
            "positionFixed": "MuiAppBar-positionFixed",
            "positionRelative": "MuiAppBar-positionRelative",
            "positionStatic": "MuiAppBar-positionStatic",
            "positionSticky": "MuiAppBar-positionSticky",
            "root": "MuiAppBar-root",
          }
        }
        position="fixed"
      >
        <WithStyles(ForwardRef(Paper))
          className="MuiAppBar-root MuiAppBar-positionFixed MuiAppBar-colorPrimary makeStyles-appBar-5 mui-fixed"
          component="header"
          elevation={4}
          square={true}
        >
          <ForwardRef(Paper)
            className="MuiAppBar-root MuiAppBar-positionFixed MuiAppBar-colorPrimary makeStyles-appBar-5 mui-fixed"
            classes={
              Object {
                "elevation0": "MuiPaper-elevation0",
                "elevation1": "MuiPaper-elevation1",
                "elevation10": "MuiPaper-elevation10",
                "elevation11": "MuiPaper-elevation11",
                "elevation12": "MuiPaper-elevation12",
                "elevation13": "MuiPaper-elevation13",
                "elevation14": "MuiPaper-elevation14",
                "elevation15": "MuiPaper-elevation15",
                "elevation16": "MuiPaper-elevation16",
                "elevation17": "MuiPaper-elevation17",
                "elevation18": "MuiPaper-elevation18",
                "elevation19": "MuiPaper-elevation19",
                "elevation2": "MuiPaper-elevation2",
                "elevation20": "MuiPaper-elevation20",
                "elevation21": "MuiPaper-elevation21",
                "elevation22": "MuiPaper-elevation22",
                "elevation23": "MuiPaper-elevation23",
                "elevation24": "MuiPaper-elevation24",
                "elevation3": "MuiPaper-elevation3",
                "elevation4": "MuiPaper-elevation4",
                "elevation5": "MuiPaper-elevation5",
                "elevation6": "MuiPaper-elevation6",
                "elevation7": "MuiPaper-elevation7",
                "elevation8": "MuiPaper-elevation8",
                "elevation9": "MuiPaper-elevation9",
                "outlined": "MuiPaper-outlined",
                "root": "MuiPaper-root",
                "rounded": "MuiPaper-rounded",
              }
            }
            component="header"
            elevation={4}
            square={true}
          >
            <header
              className="MuiPaper-root MuiAppBar-root MuiAppBar-positionFixed MuiAppBar-colorPrimary makeStyles-appBar-5 mui-fixed MuiPaper-elevation4"
            >
              <WithStyles(ForwardRef(Toolbar))>
                <ForwardRef(Toolbar)
                  classes={
                    Object {
                      "dense": "MuiToolbar-dense",
                      "gutters": "MuiToolbar-gutters",
                      "regular": "MuiToolbar-regular",
                      "root": "MuiToolbar-root",
                    }
                  }
                >
                  <div
                    className="MuiToolbar-root MuiToolbar-regular MuiToolbar-gutters"
                  >
                    <WithStyles(ForwardRef(IconButton))
                      aria-label="open drawer"
                      className="makeStyles-menuButton-2"
                      color="inherit"
                      edge="start"
                      id="open-drawer"
                      onClick={[Function]}
                    >
                      <ForwardRef(IconButton)
                        aria-label="open drawer"
                        className="makeStyles-menuButton-2"
                        classes={
                          Object {
                            "colorInherit": "MuiIconButton-colorInherit",
                            "colorPrimary": "MuiIconButton-colorPrimary",
                            "colorSecondary": "MuiIconButton-colorSecondary",
                            "disabled": "Mui-disabled",
                            "edgeEnd": "MuiIconButton-edgeEnd",
                            "edgeStart": "MuiIconButton-edgeStart",
                            "label": "MuiIconButton-label",
                            "root": "MuiIconButton-root",
                            "sizeSmall": "MuiIconButton-sizeSmall",
                          }
                        }
                        color="inherit"
                        edge="start"
                        id="open-drawer"
                        onClick={[Function]}
                      >
                        <WithStyles(ForwardRef(ButtonBase))
                          aria-label="open drawer"
                          centerRipple={true}
                          className="MuiIconButton-root makeStyles-menuButton-2 MuiIconButton-colorInherit MuiIconButton-edgeStart"
                          disabled={false}
                          focusRipple={true}
                          id="open-drawer"
                          onClick={[Function]}
                        >
                          <ForwardRef(ButtonBase)
                            aria-label="open drawer"
                            centerRipple={true}
                            className="MuiIconButton-root makeStyles-menuButton-2 MuiIconButton-colorInherit MuiIconButton-edgeStart"
                            classes={
                              Object {
                                "disabled": "Mui-disabled",
                                "focusVisible": "Mui-focusVisible",
                                "root": "MuiButtonBase-root",
                              }
                            }
                            disabled={false}
                            focusRipple={true}
                            id="open-drawer"
                            onClick={[Function]}
                          >
                            <button
                              aria-label="open drawer"
                              className="MuiButtonBase-root MuiIconButton-root makeStyles-menuButton-2 MuiIconButton-colorInherit MuiIconButton-edgeStart"
                              disabled={false}
                              id="open-drawer"
                              onBlur={[Function]}
                              onClick={[Function]}
                              onDragLeave={[Function]}
                              onFocus={[Function]}
                              onKeyDown={[Function]}
                              onKeyUp={[Function]}
                              onMouseDown={[Function]}
                              onMouseLeave={[Function]}
                              onMouseUp={[Function]}
                              onTouchEnd={[Function]}
                              onTouchMove={[Function]}
                              onTouchStart={[Function]}
                              tabIndex={0}
                              type="button"
                            >
                              <span
                                className="MuiIconButton-label"
                              >
                                <ForwardRef>
                                  <WithStyles(ForwardRef(SvgIcon))>
                                    <ForwardRef(SvgIcon)
                                      classes={
                                        Object {
                                          "colorAction": "MuiSvgIcon-colorAction",
                                          "colorDisabled": "MuiSvgIcon-colorDisabled",
                                          "colorError": "MuiSvgIcon-colorError",
                                          "colorPrimary": "MuiSvgIcon-colorPrimary",
                                          "colorSecondary": "MuiSvgIcon-colorSecondary",
                                          "fontSizeInherit": "MuiSvgIcon-fontSizeInherit",
                                          "fontSizeLarge": "MuiSvgIcon-fontSizeLarge",
                                          "fontSizeSmall": "MuiSvgIcon-fontSizeSmall",
                                          "root": "MuiSvgIcon-root",
                                        }
                                      }
                                    >
                                      <svg
                                        aria-hidden={true}
                                        className="MuiSvgIcon-root"
                                        focusable="false"
                                        viewBox="0 0 24 24"
                                      >
                                        <path
                                          d="M3 18h18v-2H3v2zm0-5h18v-2H3v2zm0-7v2h18V6H3z"
                                        />
                                      </svg>
                                    </ForwardRef(SvgIcon)>
                                  </WithStyles(ForwardRef(SvgIcon))>
                                </ForwardRef>
                              </span>
                              <WithStyles(memo)
                                center={true}
                              >
                                <ForwardRef(TouchRipple)
                                  center={true}
                                  classes={
                                    Object {
                                      "child": "MuiTouchRipple-child",
                                      "childLeaving": "MuiTouchRipple-childLeaving",
                                      "childPulsate": "MuiTouchRipple-childPulsate",
                                      "ripple": "MuiTouchRipple-ripple",
                                      "ripplePulsate": "MuiTouchRipple-ripplePulsate",
                                      "rippleVisible": "MuiTouchRipple-rippleVisible",
                                      "root": "MuiTouchRipple-root",
                                    }
                                  }
                                >
                                  <span
                                    className="MuiTouchRipple-root"
                                  >
                                    <TransitionGroup
                                      childFactory={[Function]}
                                      component={null}
                                      exit={true}
                                    />
                                  </span>
                                </ForwardRef(TouchRipple)>
                              </WithStyles(memo)>
                            </button>
                          </ForwardRef(ButtonBase)>
                        </WithStyles(ForwardRef(ButtonBase))>
                      </ForwardRef(IconButton)>
                    </WithStyles(ForwardRef(IconButton))>
                    <WithStyles(ForwardRef(Typography))
                      className="makeStyles-title-3"
                      noWrap={true}
                      variant="h6"
                    >
                      <ForwardRef(Typography)
                        className="makeStyles-title-3"
                        classes={
                          Object {
                            "alignCenter": "MuiTypography-alignCenter",
                            "alignJustify": "MuiTypography-alignJustify",
                            "alignLeft": "MuiTypography-alignLeft",
                            "alignRight": "MuiTypography-alignRight",
                            "body1": "MuiTypography-body1",
                            "body2": "MuiTypography-body2",
                            "button": "MuiTypography-button",
                            "caption": "MuiTypography-caption",
                            "colorError": "MuiTypography-colorError",
                            "colorInherit": "MuiTypography-colorInherit",
                            "colorPrimary": "MuiTypography-colorPrimary",
                            "colorSecondary": "MuiTypography-colorSecondary",
                            "colorTextPrimary": "MuiTypography-colorTextPrimary",
                            "colorTextSecondary": "MuiTypography-colorTextSecondary",
                            "displayBlock": "MuiTypography-displayBlock",
                            "displayInline": "MuiTypography-displayInline",
                            "gutterBottom": "MuiTypography-gutterBottom",
                            "h1": "MuiTypography-h1",
                            "h2": "MuiTypography-h2",
                            "h3": "MuiTypography-h3",
                            "h4": "MuiTypography-h4",
                            "h5": "MuiTypography-h5",
                            "h6": "MuiTypography-h6",
                            "noWrap": "MuiTypography-noWrap",
                            "overline": "MuiTypography-overline",
                            "paragraph": "MuiTypography-paragraph",
                            "root": "MuiTypography-root",
                            "srOnly": "MuiTypography-srOnly",
                            "subtitle1": "MuiTypography-subtitle1",
                            "subtitle2": "MuiTypography-subtitle2",
                          }
                        }
                        noWrap={true}
                        variant="h6"
                      >
                        <h6
                          className="MuiTypography-root makeStyles-title-3 MuiTypography-h6 MuiTypography-noWrap"
                        >
                          Clothy
                        </h6>
                      </ForwardRef(Typography)>
                    </WithStyles(ForwardRef(Typography))>
                    <ProductSearch>
                      <ClickAwayListener
                        onClickAway={[Function]}
                      >
                        <Styled(MuiBox)
                          className="makeStyles-root-7"
                          onClick={[Function]}
                          onTouchEnd={[Function]}
                        >
                          <div
                            className="MuiBox-root MuiBox-root-13 makeStyles-root-7"
                            onClick={[Function]}
                            onTouchEnd={[Function]}
                          >
                            <div
                              className="makeStyles-search-8"
                            >
                              <div
                                className="makeStyles-searchIcon-9"
                              >
                                <ForwardRef>
                                  <WithStyles(ForwardRef(SvgIcon))>
                                    <ForwardRef(SvgIcon)
                                      classes={
                                        Object {
                                          "colorAction": "MuiSvgIcon-colorAction",
                                          "colorDisabled": "MuiSvgIcon-colorDisabled",
                                          "colorError": "MuiSvgIcon-colorError",
                                          "colorPrimary": "MuiSvgIcon-colorPrimary",
                                          "colorSecondary": "MuiSvgIcon-colorSecondary",
                                          "fontSizeInherit": "MuiSvgIcon-fontSizeInherit",
                                          "fontSizeLarge": "MuiSvgIcon-fontSizeLarge",
                                          "fontSizeSmall": "MuiSvgIcon-fontSizeSmall",
                                          "root": "MuiSvgIcon-root",
                                        }
                                      }
                                    >
                                      <svg
                                        aria-hidden={true}
                                        className="MuiSvgIcon-root"
                                        focusable="false"
                                        viewBox="0 0 24 24"
                                      >
                                        <path
                                          d="M15.5 14h-.79l-.28-.27C15.41 12.59 16 11.11 16 9.5 16 5.91 13.09 3 9.5 3S3 5.91 3 9.5 5.91 16 9.5 16c1.61 0 3.09-.59 4.23-1.57l.27.28v.79l5 4.99L20.49 19l-4.99-5zm-6 0C7.01 14 5 11.99 5 9.5S7.01 5 9.5 5 14 7.01 14 9.5 11.99 14 9.5 14z"
                                        />
                                      </svg>
                                    </ForwardRef(SvgIcon)>
                                  </WithStyles(ForwardRef(SvgIcon))>
                                </ForwardRef>
                              </div>
                              <WithStyles(ForwardRef(InputBase))
                                classes={
                                  Object {
                                    "input": "makeStyles-inputInput-11",
                                    "root": "makeStyles-inputRoot-10",
                                  }
                                }
                                inputProps={
                                  Object {
                                    "aria-label": "search",
                                  }
                                }
                                onChange={[Function]}
                                onClick={[Function]}
                                placeholder="Search..."
                                value=""
                              >
                                <ForwardRef(InputBase)
                                  classes={
                                    Object {
                                      "adornedEnd": "MuiInputBase-adornedEnd",
                                      "adornedStart": "MuiInputBase-adornedStart",
                                      "colorSecondary": "MuiInputBase-colorSecondary",
                                      "disabled": "Mui-disabled",
                                      "error": "Mui-error",
                                      "focused": "Mui-focused",
                                      "formControl": "MuiInputBase-formControl",
                                      "fullWidth": "MuiInputBase-fullWidth",
                                      "input": "MuiInputBase-input makeStyles-inputInput-11",
                                      "inputAdornedEnd": "MuiInputBase-inputAdornedEnd",
                                      "inputAdornedStart": "MuiInputBase-inputAdornedStart",
                                      "inputHiddenLabel": "MuiInputBase-inputHiddenLabel",
                                      "inputMarginDense": "MuiInputBase-inputMarginDense",
                                      "inputMultiline": "MuiInputBase-inputMultiline",
                                      "inputTypeSearch": "MuiInputBase-inputTypeSearch",
                                      "marginDense": "MuiInputBase-marginDense",
                                      "multiline": "MuiInputBase-multiline",
                                      "root": "MuiInputBase-root makeStyles-inputRoot-10",
                                    }
                                  }
                                  inputProps={
                                    Object {
                                      "aria-label": "search",
                                    }
                                  }
                                  onChange={[Function]}
                                  onClick={[Function]}
                                  placeholder="Search..."
                                  value=""
                                >
                                  <div
                                    className="MuiInputBase-root makeStyles-inputRoot-10"
                                    onClick={[Function]}
                                  >
                                    <input
                                      aria-label="search"
                                      className="MuiInputBase-input makeStyles-inputInput-11"
                                      onAnimationStart={[Function]}
                                      onBlur={[Function]}
                                      onChange={[Function]}
                                      onFocus={[Function]}
                                      placeholder="Search..."
                                      type="text"
                                      value=""
                                    />
                                  </div>
                                </ForwardRef(InputBase)>
                              </WithStyles(ForwardRef(InputBase))>
                            </div>
                          </div>
                        </Styled(MuiBox)>
                      </ClickAwayListener>
                    </ProductSearch>
                    <div
                      className="makeStyles-grow-1"
                    />
                    <div
                      className="makeStyles-section-4"
                    >
                      <WithStyles(ForwardRef(IconButton))
                        aria-label="show 4 items"
                        color="inherit"
                      >
                        <ForwardRef(IconButton)
                          aria-label="show 4 items"
                          classes={
                            Object {
                              "colorInherit": "MuiIconButton-colorInherit",
                              "colorPrimary": "MuiIconButton-colorPrimary",
                              "colorSecondary": "MuiIconButton-colorSecondary",
                              "disabled": "Mui-disabled",
                              "edgeEnd": "MuiIconButton-edgeEnd",
                              "edgeStart": "MuiIconButton-edgeStart",
                              "label": "MuiIconButton-label",
                              "root": "MuiIconButton-root",
                              "sizeSmall": "MuiIconButton-sizeSmall",
                            }
                          }
                          color="inherit"
                        >
                          <WithStyles(ForwardRef(ButtonBase))
                            aria-label="show 4 items"
                            centerRipple={true}
                            className="MuiIconButton-root MuiIconButton-colorInherit"
                            disabled={false}
                            focusRipple={true}
                          >
                            <ForwardRef(ButtonBase)
                              aria-label="show 4 items"
                              centerRipple={true}
                              className="MuiIconButton-root MuiIconButton-colorInherit"
                              classes={
                                Object {
                                  "disabled": "Mui-disabled",
                                  "focusVisible": "Mui-focusVisible",
                                  "root": "MuiButtonBase-root",
                                }
                              }
                              disabled={false}
                              focusRipple={true}
                            >
                              <button
                                aria-label="show 4 items"
                                className="MuiButtonBase-root MuiIconButton-root MuiIconButton-colorInherit"
                                disabled={false}
                                onBlur={[Function]}
                                onDragLeave={[Function]}
                                onFocus={[Function]}
                                onKeyDown={[Function]}
                                onKeyUp={[Function]}
                                onMouseDown={[Function]}
                                onMouseLeave={[Function]}
                                onMouseUp={[Function]}
                                onTouchEnd={[Function]}
                                onTouchMove={[Function]}
                                onTouchStart={[Function]}
                                tabIndex={0}
                                type="button"
                              >
                                <span
                                  className="MuiIconButton-label"
                                >
                                  <WithStyles(ForwardRef(Badge))
                                    badgeContent={4}
                                    color="secondary"
                                  >
                                    <ForwardRef(Badge)
                                      badgeContent={4}
                                      classes={
                                        Object {
                                          "anchorOriginBottomLeftCircle": "MuiBadge-anchorOriginBottomLeftCircle",
                                          "anchorOriginBottomLeftRectangle": "MuiBadge-anchorOriginBottomLeftRectangle",
                                          "anchorOriginBottomRightCircle": "MuiBadge-anchorOriginBottomRightCircle",
                                          "anchorOriginBottomRightRectangle": "MuiBadge-anchorOriginBottomRightRectangle",
                                          "anchorOriginTopLeftCircle": "MuiBadge-anchorOriginTopLeftCircle",
                                          "anchorOriginTopLeftRectangle": "MuiBadge-anchorOriginTopLeftRectangle",
                                          "anchorOriginTopRightCircle": "MuiBadge-anchorOriginTopRightCircle",
                                          "anchorOriginTopRightRectangle": "MuiBadge-anchorOriginTopRightRectangle",
                                          "badge": "MuiBadge-badge",
                                          "colorError": "MuiBadge-colorError",
                                          "colorPrimary": "MuiBadge-colorPrimary",
                                          "colorSecondary": "MuiBadge-colorSecondary",
                                          "dot": "MuiBadge-dot",
                                          "invisible": "MuiBadge-invisible",
                                          "root": "MuiBadge-root",
                                        }
                                      }
                                      color="secondary"
                                    >
                                      <span
                                        className="MuiBadge-root"
                                      >
                                        <ForwardRef>
                                          <WithStyles(ForwardRef(SvgIcon))>
                                            <ForwardRef(SvgIcon)
                                              classes={
                                                Object {
                                                  "colorAction": "MuiSvgIcon-colorAction",
                                                  "colorDisabled": "MuiSvgIcon-colorDisabled",
                                                  "colorError": "MuiSvgIcon-colorError",
                                                  "colorPrimary": "MuiSvgIcon-colorPrimary",
                                                  "colorSecondary": "MuiSvgIcon-colorSecondary",
                                                  "fontSizeInherit": "MuiSvgIcon-fontSizeInherit",
                                                  "fontSizeLarge": "MuiSvgIcon-fontSizeLarge",
                                                  "fontSizeSmall": "MuiSvgIcon-fontSizeSmall",
                                                  "root": "MuiSvgIcon-root",
                                                }
                                              }
                                            >
                                              <svg
                                                aria-hidden={true}
                                                className="MuiSvgIcon-root"
                                                focusable="false"
                                                viewBox="0 0 24 24"
                                              >
                                                <path
                                                  d="M17.21 9l-4.38-6.56c-.19-.28-.51-.42-.83-.42-.32 0-.64.14-.83.43L6.79 9H2c-.55 0-1 .45-1 1 0 .09.01.18.04.27l2.54 9.27c.23.84 1 1.46 1.92 1.46h13c.92 0 1.69-.62 1.93-1.46l2.54-9.27L23 10c0-.55-.45-1-1-1h-4.79zM9 9l3-4.4L15 9H9zm3 8c-1.1 0-2-.9-2-2s.9-2 2-2 2 .9 2 2-.9 2-2 2z"
                                                />
                                              </svg>
                                            </ForwardRef(SvgIcon)>
                                          </WithStyles(ForwardRef(SvgIcon))>
                                        </ForwardRef>
                                        <span
                                          className="MuiBadge-badge MuiBadge-anchorOriginTopRightRectangle MuiBadge-colorSecondary"
                                        >
                                          4
                                        </span>
                                      </span>
                                    </ForwardRef(Badge)>
                                  </WithStyles(ForwardRef(Badge))>
                                </span>
                                <WithStyles(memo)
                                  center={true}
                                >
                                  <ForwardRef(TouchRipple)
                                    center={true}
                                    classes={
                                      Object {
                                        "child": "MuiTouchRipple-child",
                                        "childLeaving": "MuiTouchRipple-childLeaving",
                                        "childPulsate": "MuiTouchRipple-childPulsate",
                                        "ripple": "MuiTouchRipple-ripple",
                                        "ripplePulsate": "MuiTouchRipple-ripplePulsate",
                                        "rippleVisible": "MuiTouchRipple-rippleVisible",
                                        "root": "MuiTouchRipple-root",
                                      }
                                    }
                                  >
                                    <span
                                      className="MuiTouchRipple-root"
                                    >
                                      <TransitionGroup
                                        childFactory={[Function]}
                                        component={null}
                                        exit={true}
                                      />
                                    </span>
                                  </ForwardRef(TouchRipple)>
                                </WithStyles(memo)>
                              </button>
                            </ForwardRef(ButtonBase)>
                          </WithStyles(ForwardRef(ButtonBase))>
                        </ForwardRef(IconButton)>
                      </WithStyles(ForwardRef(IconButton))>
                      <WithStyles(ForwardRef(IconButton))
                        aria-label="go to the github page"
                        color="inherit"
                        id="git-icon"
                        onClick={[Function]}
                      >
                        <ForwardRef(IconButton)
                          aria-label="go to the github page"
                          classes={
                            Object {
                              "colorInherit": "MuiIconButton-colorInherit",
                              "colorPrimary": "MuiIconButton-colorPrimary",
                              "colorSecondary": "MuiIconButton-colorSecondary",
                              "disabled": "Mui-disabled",
                              "edgeEnd": "MuiIconButton-edgeEnd",
                              "edgeStart": "MuiIconButton-edgeStart",
                              "label": "MuiIconButton-label",
                              "root": "MuiIconButton-root",
                              "sizeSmall": "MuiIconButton-sizeSmall",
                            }
                          }
                          color="inherit"
                          id="git-icon"
                          onClick={[Function]}
                        >
                          <WithStyles(ForwardRef(ButtonBase))
                            aria-label="go to the github page"
                            centerRipple={true}
                            className="MuiIconButton-root MuiIconButton-colorInherit"
                            disabled={false}
                            focusRipple={true}
                            id="git-icon"
                            onClick={[Function]}
                          >
                            <ForwardRef(ButtonBase)
                              aria-label="go to the github page"
                              centerRipple={true}
                              className="MuiIconButton-root MuiIconButton-colorInherit"
                              classes={
                                Object {
                                  "disabled": "Mui-disabled",
                                  "focusVisible": "Mui-focusVisible",
                                  "root": "MuiButtonBase-root",
                                }
                              }
                              disabled={false}
                              focusRipple={true}
                              id="git-icon"
                              onClick={[Function]}
                            >
                              <button
                                aria-label="go to the github page"
                                className="MuiButtonBase-root MuiIconButton-root MuiIconButton-colorInherit"
                                disabled={false}
                                id="git-icon"
                                onBlur={[Function]}
                                onClick={[Function]}
                                onDragLeave={[Function]}
                                onFocus={[Function]}
                                onKeyDown={[Function]}
                                onKeyUp={[Function]}
                                onMouseDown={[Function]}
                                onMouseLeave={[Function]}
                                onMouseUp={[Function]}
                                onTouchEnd={[Function]}
                                onTouchMove={[Function]}
                                onTouchStart={[Function]}
                                tabIndex={0}
                                type="button"
                              >
                                <span
                                  className="MuiIconButton-label"
                                >
                                  <ForwardRef>
                                    <WithStyles(ForwardRef(SvgIcon))>
                                      <ForwardRef(SvgIcon)
                                        classes={
                                          Object {
                                            "colorAction": "MuiSvgIcon-colorAction",
                                            "colorDisabled": "MuiSvgIcon-colorDisabled",
                                            "colorError": "MuiSvgIcon-colorError",
                                            "colorPrimary": "MuiSvgIcon-colorPrimary",
                                            "colorSecondary": "MuiSvgIcon-colorSecondary",
                                            "fontSizeInherit": "MuiSvgIcon-fontSizeInherit",
                                            "fontSizeLarge": "MuiSvgIcon-fontSizeLarge",
                                            "fontSizeSmall": "MuiSvgIcon-fontSizeSmall",
                                            "root": "MuiSvgIcon-root",
                                          }
                                        }
                                      >
                                        <svg
                                          aria-hidden={true}
                                          className="MuiSvgIcon-root"
                                          focusable="false"
                                          viewBox="0 0 24 24"
                                        >
                                          <path
                                            d="M12 .3a12 12 0 0 0-3.8 23.4c.6.1.8-.3.8-.6v-2c-3.3.7-4-1.6-4-1.6-.6-1.4-1.4-1.8-1.4-1.8-1-.7.1-.7.1-.7 1.2 0 1.9 1.2 1.9 1.2 1 1.8 2.8 1.3 3.5 1 0-.8.4-1.3.7-1.6-2.7-.3-5.5-1.3-5.5-6 0-1.2.5-2.3 1.3-3.1-.2-.4-.6-1.6 0-3.2 0 0 1-.3 3.4 1.2a11.5 11.5 0 0 1 6 0c2.3-1.5 3.3-1.2 3.3-1.2.6 1.6.2 2.8 0 3.2.9.8 1.3 1.9 1.3 3.2 0 4.6-2.8 5.6-5.5 5.9.5.4.9 1 .9 2.2v3.3c0 .3.1.7.8.6A12 12 0 0 0 12 .3"
                                          />
                                        </svg>
                                      </ForwardRef(SvgIcon)>
                                    </WithStyles(ForwardRef(SvgIcon))>
                                  </ForwardRef>
                                </span>
                                <WithStyles(memo)
                                  center={true}
                                >
                                  <ForwardRef(TouchRipple)
                                    center={true}
                                    classes={
                                      Object {
                                        "child": "MuiTouchRipple-child",
                                        "childLeaving": "MuiTouchRipple-childLeaving",
                                        "childPulsate": "MuiTouchRipple-childPulsate",
                                        "ripple": "MuiTouchRipple-ripple",
                                        "ripplePulsate": "MuiTouchRipple-ripplePulsate",
                                        "rippleVisible": "MuiTouchRipple-rippleVisible",
                                        "root": "MuiTouchRipple-root",
                                      }
                                    }
                                  >
                                    <span
                                      className="MuiTouchRipple-root"
                                    >
                                      <TransitionGroup
                                        childFactory={[Function]}
                                        component={null}
                                        exit={true}
                                      />
                                    </span>
                                  </ForwardRef(TouchRipple)>
                                </WithStyles(memo)>
                              </button>
                            </ForwardRef(ButtonBase)>
                          </WithStyles(ForwardRef(ButtonBase))>
                        </ForwardRef(IconButton)>
                      </WithStyles(ForwardRef(IconButton))>
                    </div>
                  </div>
                </ForwardRef(Toolbar)>
              </WithStyles(ForwardRef(Toolbar))>
            </header>
          </ForwardRef(Paper)>
        </WithStyles(ForwardRef(Paper))>
      </ForwardRef(AppBar)>
    </WithStyles(ForwardRef(AppBar))>
  </div>
</PublicAppBar>
`;
